1641 MiB, 46758 MiB
1641 MiB, 46758 MiB
1641 MiB, 46758 MiB
1641 MiB, 46758 MiB
1641 MiB, 46758 MiB
45249 MiB, 3150 MiB
45249 MiB, 3150 MiB
45251 MiB, 3148 MiB
45251 MiB, 3148 MiB
45253 MiB, 3146 MiB
45253 MiB, 3146 MiB
45255 MiB, 3144 MiB
45255 MiB, 3144 MiB
45257 MiB, 3142 MiB
45257 MiB, 3142 MiB
45259 MiB, 3140 MiB
45259 MiB, 3140 MiB
45261 MiB, 3138 MiB
45261 MiB, 3138 MiB
45261 MiB, 3138 MiB
45263 MiB, 3136 MiB
45263 MiB, 3136 MiB
45265 MiB, 3134 MiB
45265 MiB, 3134 MiB
45267 MiB, 3132 MiB
45267 MiB, 3132 MiB
45269 MiB, 3130 MiB
45269 MiB, 3130 MiB
45271 MiB, 3128 MiB
45271 MiB, 3128 MiB
45273 MiB, 3126 MiB
45273 MiB, 3126 MiB
45275 MiB, 3124 MiB
45275 MiB, 3124 MiB
45277 MiB, 3122 MiB
45303 MiB, 3096 MiB
45303 MiB, 3096 MiB
46281 MiB, 2118 MiB
46281 MiB, 2118 MiB
46281 MiB, 2118 MiB
45417 MiB, 2982 MiB
45441 MiB, 2958 MiB
45927 MiB, 2472 MiB
47299 MiB, 1100 MiB
45847 MiB, 2552 MiB
45927 MiB, 2472 MiB
46815 MiB, 1584 MiB
45927 MiB, 2472 MiB
45847 MiB, 2552 MiB
45927 MiB, 2472 MiB
47319 MiB, 1080 MiB
45927 MiB, 2472 MiB
45839 MiB, 2560 MiB
47279 MiB, 1120 MiB
45315 MiB, 3084 MiB
45315 MiB, 3084 MiB
